Archive member included to satisfy reference by file (symbol)

d:/program files/stm32cubeide_1.7.0/stm32cubeide/plugins/com.st.stm32cube.ide.mcu.externaltools.gnu-tools-for-stm32.9-2020-q2-update.win32_2.0.0.202105311346/tools/bin/../lib/gcc/arm-none-eabi/9.3.1/../../../../arm-none-eabi/lib/thumb/v7-m/nofp\libc_nano.a(lib_a-errno.o)
                              ./Core/Src/syscalls.o (__errno)
d:/program files/stm32cubeide_1.7.0/stm32cubeide/plugins/com.st.stm32cube.ide.mcu.externaltools.gnu-tools-for-stm32.9-2020-q2-update.win32_2.0.0.202105311346/tools/bin/../lib/gcc/arm-none-eabi/9.3.1/../../../../arm-none-eabi/lib/thumb/v7-m/nofp\libc_nano.a(lib_a-exit.o)
                              d:/program files/stm32cubeide_1.7.0/stm32cubeide/plugins/com.st.stm32cube.ide.mcu.externaltools.gnu-tools-for-stm32.9-2020-q2-update.win32_2.0.0.202105311346/tools/bin/../lib/gcc/arm-none-eabi/9.3.1/../../../../arm-none-eabi/lib/thumb/v7-m/nofp/crt0.o (exit)
d:/program files/stm32cubeide_1.7.0/stm32cubeide/plugins/com.st.stm32cube.ide.mcu.externaltools.gnu-tools-for-stm32.9-2020-q2-update.win32_2.0.0.202105311346/tools/bin/../lib/gcc/arm-none-eabi/9.3.1/../../../../arm-none-eabi/lib/thumb/v7-m/nofp\libc_nano.a(lib_a-impure.o)
                              d:/program files/stm32cubeide_1.7.0/stm32cubeide/plugins/com.st.stm32cube.ide.mcu.externaltools.gnu-tools-for-stm32.9-2020-q2-update.win32_2.0.0.202105311346/tools/bin/../lib/gcc/arm-none-eabi/9.3.1/../../../../arm-none-eabi/lib/thumb/v7-m/nofp\libc_nano.a(lib_a-exit.o) (_global_impure_ptr)
d:/program files/stm32cubeide_1.7.0/stm32cubeide/plugins/com.st.stm32cube.ide.mcu.externaltools.gnu-tools-for-stm32.9-2020-q2-update.win32_2.0.0.202105311346/tools/bin/../lib/gcc/arm-none-eabi/9.3.1/../../../../arm-none-eabi/lib/thumb/v7-m/nofp\libc_nano.a(lib_a-init.o)
                              d:/program files/stm32cubeide_1.7.0/stm32cubeide/plugins/com.st.stm32cube.ide.mcu.externaltools.gnu-tools-for-stm32.9-2020-q2-update.win32_2.0.0.202105311346/tools/bin/../lib/gcc/arm-none-eabi/9.3.1/../../../../arm-none-eabi/lib/thumb/v7-m/nofp/crt0.o (__libc_init_array)
d:/program files/stm32cubeide_1.7.0/stm32cubeide/plugins/com.st.stm32cube.ide.mcu.externaltools.gnu-tools-for-stm32.9-2020-q2-update.win32_2.0.0.202105311346/tools/bin/../lib/gcc/arm-none-eabi/9.3.1/../../../../arm-none-eabi/lib/thumb/v7-m/nofp\libc_nano.a(lib_a-memset.o)
                              d:/program files/stm32cubeide_1.7.0/stm32cubeide/plugins/com.st.stm32cube.ide.mcu.externaltools.gnu-tools-for-stm32.9-2020-q2-update.win32_2.0.0.202105311346/tools/bin/../lib/gcc/arm-none-eabi/9.3.1/../../../../arm-none-eabi/lib/thumb/v7-m/nofp/crt0.o (memset)
d:/program files/stm32cubeide_1.7.0/stm32cubeide/plugins/com.st.stm32cube.ide.mcu.externaltools.gnu-tools-for-stm32.9-2020-q2-update.win32_2.0.0.202105311346/tools/bin/../lib/gcc/arm-none-eabi/9.3.1/../../../../arm-none-eabi/lib/thumb/v7-m/nofp\libc_nano.a(lib_a-sprintf.o)
                              ./Core/Src/i2c-lcd.o (sprintf)
d:/program files/stm32cubeide_1.7.0/stm32cubeide/plugins/com.st.stm32cube.ide.mcu.externaltools.gnu-tools-for-stm32.9-2020-q2-update.win32_2.0.0.202105311346/tools/bin/../lib/gcc/arm-none-eabi/9.3.1/../../../../arm-none-eabi/lib/thumb/v7-m/nofp\libc_nano.a(lib_a-nano-svfprintf.o)
                              d:/program files/stm32cubeide_1.7.0/stm32cubeide/plugins/com.st.stm32cube.ide.mcu.externaltools.gnu-tools-for-stm32.9-2020-q2-update.win32_2.0.0.202105311346/tools/bin/../lib/gcc/arm-none-eabi/9.3.1/../../../../arm-none-eabi/lib/thumb/v7-m/nofp\libc_nano.a(lib_a-sprintf.o) (_svfprintf_r)
d:/program files/stm32cubeide_1.7.0/stm32cubeide/plugins/com.st.stm32cube.ide.mcu.externaltools.gnu-tools-for-stm32.9-2020-q2-update.win32_2.0.0.202105311346/tools/bin/../lib/gcc/arm-none-eabi/9.3.1/../../../../arm-none-eabi/lib/thumb/v7-m/nofp\libc_nano.a(lib_a-nano-vfprintf_i.o)
                              d:/program files/stm32cubeide_1.7.0/stm32cubeide/plugins/com.st.stm32cube.ide.mcu.externaltools.gnu-tools-for-stm32.9-2020-q2-update.win32_2.0.0.202105311346/tools/bin/../lib/gcc/arm-none-eabi/9.3.1/../../../../arm-none-eabi/lib/thumb/v7-m/nofp\libc_nano.a(lib_a-nano-svfprintf.o) (_printf_i)
d:/program files/stm32cubeide_1.7.0/stm32cubeide/plugins/com.st.stm32cube.ide.mcu.externaltools.gnu-tools-for-stm32.9-2020-q2-update.win32_2.0.0.202105311346/tools/bin/../lib/gcc/arm-none-eabi/9.3.1/../../../../arm-none-eabi/lib/thumb/v7-m/nofp\libc_nano.a(lib_a-memchr-stub.o)
                              d:/program files/stm32cubeide_1.7.0/stm32cubeide/plugins/com.st.stm32cube.ide.mcu.externaltools.gnu-tools-for-stm32.9-2020-q2-update.win32_2.0.0.202105311346/tools/bin/../lib/gcc/arm-none-eabi/9.3.1/../../../../arm-none-eabi/lib/thumb/v7-m/nofp\libc_nano.a(lib_a-nano-svfprintf.o) (memchr)
[...]
Memory Configuration

Name             Origin             Length             Attributes
RAM              0x0000000020000000 0x0000000000005000 xrw
FLASH            0x0000000008000000 0x0000000000010000 xr
*default*        0x0000000000000000 0xffffffffffffffff

Linker script and memory map

LOAD d:/program files/stm32cubeide_1.7.0/stm32cubeide/plugins/com.st.stm32cube.ide.mcu.externaltools.gnu-tools-for-stm32.9-2020-q2-update.win32_2.0.0.202105311346/tools/bin/../lib/gcc/arm-none-eabi/9.3.1/thumb/v7-m/nofp/crti.o
LOAD d:/program files/stm32cubeide_1.7.0/stm32cubeide/plugins/com.st.stm32cube.ide.mcu.externaltools.gnu-tools-for-stm32.9-2020-q2-update.win32_2.0.0.202105311346/tools/bin/../lib/gcc/arm-none-eabi/9.3.1/thumb/v7-m/nofp/crtbegin.o
LOAD d:/program files/stm32cubeide_1.7.0/stm32cubeide/plugins/com.st.stm32cube.ide.mcu.externaltools.gnu-tools-for-stm32.9-2020-q2-update.win32_2.0.0.202105311346/tools/bin/../lib/gcc/arm-none-eabi/9.3.1/../../../../arm-none-eabi/lib/thumb/v7-m/nofp/crt0.o
LOAD ./Core/Src/dht20.o
LOAD ./Core/Src/fsm.o
LOAD ./Core/Src/global.o
LOAD ./Core/Src/i2c-lcd.o
LOAD ./Core/Src/ledRGB.o
LOAD ./Core/Src/main.o
LOAD ./Core/Src/softwareTimer.o
LOAD ./Core/Src/stm32f1xx_hal_msp.o
LOAD ./Core/Src/stm32f1xx_it.o
LOAD ./Core/Src/syscalls.o
LOAD ./Core/Src/sysmem.o
LOAD ./Core/Src/system_stm32f1xx.o
LOAD ./Core/Startup/startup_stm32f103c8tx.o
LOAD ./Drivers/STM32F1xx_HAL_Driver/Src/stm32f1xx_hal.o
LOAD ./Drivers/STM32F1xx_HAL_Driver/Src/stm32f1xx_hal_cortex.o
LOAD ./Drivers/STM32F1xx_HAL_Driver/Src/stm32f1xx_hal_dma.o
LOAD ./Drivers/STM32F1xx_HAL_Driver/Src/stm32f1xx_hal_exti.o
LOAD ./Drivers/STM32F1xx_HAL_Driver/Src/stm32f1xx_hal_flash.o
LOAD ./Drivers/STM32F1xx_HAL_Driver/Src/stm32f1xx_hal_flash_ex.o
LOAD ./Drivers/STM32F1xx_HAL_Driver/Src/stm32f1xx_hal_gpio.o
LOAD ./Drivers/STM32F1xx_HAL_Driver/Src/stm32f1xx_hal_gpio_ex.o
LOAD ./Drivers/STM32F1xx_HAL_Driver/Src/stm32f1xx_hal_i2c.o
LOAD ./Drivers/STM32F1xx_HAL_Driver/Src/stm32f1xx_hal_pwr.o
LOAD ./Drivers/STM32F1xx_HAL_Driver/Src/stm32f1xx_hal_rcc.o
LOAD ./Drivers/STM32F1xx_HAL_Driver/Src/stm32f1xx_hal_rcc_ex.o
LOAD ./Drivers/STM32F1xx_HAL_Driver/Src/stm32f1xx_hal_tim.o
LOAD ./Drivers/STM32F1xx_HAL_Driver/Src/stm32f1xx_hal_tim_ex.o
START GROUP
LOAD d:/program files/stm32cubeide_1.7.0/stm32cubeide/plugins/com.st.stm32cube.ide.mcu.externaltools.gnu-tools-for-stm32.9-2020-q2-update.win32_2.0.0.202105311346/tools/bin/../lib/gcc/arm-none-eabi/9.3.1/../../../../arm-none-eabi/lib/thumb/v7-m/nofp\libc_nano.a
LOAD d:/program files/stm32cubeide_1.7.0/stm32cubeide/plugins/com.st.stm32cube.ide.mcu.externaltools.gnu-tools-for-stm32.9-2020-q2-update.win32_2.0.0.202105311346/tools/bin/../lib/gcc/arm-none-eabi/9.3.1/../../../../arm-none-eabi/lib/thumb/v7-m/nofp\libm.a
END GROUP
START GROUP
LOAD d:/program files/stm32cubeide_1.7.0/stm32cubeide/plugins/com.st.stm32cube.ide.mcu.externaltools.gnu-tools-for-stm32.9-2020-q2-update.win32_2.0.0.202105311346/tools/bin/../lib/gcc/arm-none-eabi/9.3.1/thumb/v7-m/nofp\libgcc.a
LOAD d:/program files/stm32cubeide_1.7.0/stm32cubeide/plugins/com.st.stm32cube.ide.mcu.externaltools.gnu-tools-for-stm32.9-2020-q2-update.win32_2.0.0.202105311346/tools/bin/../lib/gcc/arm-none-eabi/9.3.1/../../../../arm-none-eabi/lib/thumb/v7-m/nofp\libc_nano.a
END GROUP
START GROUP
LOAD d:/program files/stm32cubeide_1.7.0/stm32cubeide/plugins/com.st.stm32cube.ide.mcu.externaltools.gnu-tools-for-stm32.9-2020-q2-update.win32_2.0.0.202105311346/tools/bin/../lib/gcc/arm-none-eabi/9.3.1/thumb/v7-m/nofp\libgcc.a
LOAD d:/program files/stm32cubeide_1.7.0/stm32cubeide/plugins/com.st.stm32cube.ide.mcu.externaltools.gnu-tools-for-stm32.9-2020-q2-update.win32_2.0.0.202105311346/tools/bin/../lib/gcc/arm-none-eabi/9.3.1/../../../../arm-none-eabi/lib/thumb/v7-m/nofp\libc_nano.a
LOAD d:/program files/stm32cubeide_1.7.0/stm32cubeide/plugins/com.st.stm32cube.ide.mcu.externaltools.gnu-tools-for-stm32.9-2020-q2-update.win32_2.0.0.202105311346/tools/bin/../lib/gcc/arm-none-eabi/9.3.1/../../../../arm-none-eabi/lib/thumb/v7-m/nofp\libnosys.a
END GROUP
START GROUP
LOAD d:/program files/stm32cubeide_1.7.0/stm32cubeide/plugins/com.st.stm32cube.ide.mcu.externaltools.gnu-tools-for-stm32.9-2020-q2-update.win32_2.0.0.202105311346/tools/bin/../lib/gcc/arm-none-eabi/9.3.1/thumb/v7-m/nofp\libgcc.a
LOAD d:/program files/stm32cubeide_1.7.0/stm32cubeide/plugins/com.st.stm32cube.ide.mcu.externaltools.gnu-tools-for-stm32.9-2020-q2-update.win32_2.0.0.202105311346/tools/bin/../lib/gcc/arm-none-eabi/9.3.1/../../../../arm-none-eabi/lib/thumb/v7-m/nofp\libc_nano.a
LOAD d:/program files/stm32cubeide_1.7.0/stm32cubeide/plugins/com.st.stm32cube.ide.mcu.externaltools.gnu-tools-for-stm32.9-2020-q2-update.win32_2.0.0.202105311346/tools/bin/../lib/gcc/arm-none-eabi/9.3.1/../../../../arm-none-eabi/lib/thumb/v7-m/nofp\libnosys.a
END GROUP
LOAD d:/program files/stm32cubeide_1.7.0/stm32cubeide/plugins/com.st.stm32cube.ide.mcu.externaltools.gnu-tools-for-stm32.9-2020-q2-update.win32_2.0.0.202105311346/tools/bin/../lib/gcc/arm-none-eabi/9.3.1/thumb/v7-m/nofp/crtend.o
LOAD d:/program files/stm32cubeide_1.7.0/stm32cubeide/plugins/com.st.stm32cube.ide.mcu.externaltools.gnu-tools-for-stm32.9-2020-q2-update.win32_2.0.0.202105311346/tools/bin/../lib/gcc/arm-none-eabi/9.3.1/thumb/v7-m/nofp/crtn.o
                0x0000000020005000                _estack = (ORIGIN (RAM) + LENGTH (RAM))
                0x0000000000000200                _Min_Heap_Size = 0x200
                0x0000000000000400                _Min_Stack_Size = 0x400

.isr_vector     0x0000000008000000      0x10c
                0x0000000008000000                . = ALIGN (0x4)
 *(.isr_vector)
 .isr_vector    0x0000000008000000      0x10c ./Core/Startup/startup_stm32f103c8tx.o
                0x0000000008000000                g_pfnVectors
                0x000000000800010c                . = ALIGN (0x4)

.text           0x000000000800010c     0x2ff8
                0x000000000800010c                . = ALIGN (0x4)
 *(.text)
 .text          0x000000000800010c       0x40 d:/program files/stm32cubeide_1.7.0/stm32cubeide/plugins/com.st.stm32cube.ide.mcu.externaltools.gnu-tools-for-stm32.9-2020-q2-update.win32_2.0.0.202105311346/tools/bin/../lib/gcc/arm-none-eabi/9.3.1/thumb/v7-m/nofp/crtbegin.o
 *(.text*)
 .text.fsm_run  0x000000000800014c      0x154 ./Core/Src/fsm.o
                0x000000000800014c                fsm_run
 .text.lcd_send_cmd
                0x00000000080002a0       0x60 ./Core/Src/i2c-lcd.o
                0x00000000080002a0                lcd_send_cmd
 .text.lcd_send_data
                0x0000000008000300       0x60 ./Core/Src/i2c-lcd.o
                0x0000000008000300                lcd_send_data
 .text.lcd_init
                0x0000000008000360       0x5c ./Core/Src/i2c-lcd.o
                0x0000000008000360                lcd_init
 .text.lcd_send_string
                0x00000000080003bc       0x2a ./Core/Src/i2c-lcd.o
                0x00000000080003bc                lcd_send_string
 .text.lcd_clear_display
                0x00000000080003e6        0xe ./Core/Src/i2c-lcd.o
                0x00000000080003e6                lcd_clear_display
 .text.lcd_goto_XY
                0x00000000080003f4       0x44 ./Core/Src/i2c-lcd.o
                0x00000000080003f4                lcd_goto_XY
 .text.ledRGB   0x0000000008000438       0x34 ./Core/Src/ledRGB.o
                0x0000000008000438                ledRGB
 .text.main     0x000000000800046c       0x58 ./Core/Src/main.o
                0x000000000800046c                main
 .text.SystemClock_Config
                0x00000000080004c4       0x76 ./Core/Src/main.o
                0x00000000080004c4                SystemClock_Config
 *fill*         0x000000000800053a        0x2 
 .text.MX_I2C1_Init
                0x000000000800053c       0x5c ./Core/Src/main.o
 .text.MX_TIM3_Init
                0x0000000008000598      0x118 ./Core/Src/main.o
 .text.MX_GPIO_Init
                0x00000000080006b0       0x98 ./Core/Src/main.o
 .text.HAL_TIM_PeriodElapsedCallback
                0x0000000008000748       0x14 ./Core/Src/main.o
                0x0000000008000748                HAL_TIM_PeriodElapsedCallback
 .text.Error_Handler
                0x000000000800075c        0xa ./Core/Src/main.o
                0x000000000800075c                Error_Handler
 *fill*         0x0000000008000766        0x2 
 .text.setTimerForFSM
                0x0000000008000768       0x38 ./Core/Src/softwareTimer.o
                0x0000000008000768                setTimerForFSM
 .text.timerRun
                0x00000000080007a0       0x34 ./Core/Src/softwareTimer.o
                0x00000000080007a0                timerRun
 .text.HAL_MspInit
                0x00000000080007d4       0x64 ./Core/Src/stm32f1xx_hal_msp.o
                0x00000000080007d4                HAL_MspInit
 .text.HAL_I2C_MspInit
                0x0000000008000838       0x7c ./Core/Src/stm32f1xx_hal_msp.o
                0x0000000008000838                HAL_I2C_MspInit
 .text.HAL_TIM_Base_MspInit
                0x00000000080008b4       0x4c ./Core/Src/stm32f1xx_hal_msp.o
                0x00000000080008b4                HAL_TIM_Base_MspInit
 .text.HAL_TIM_MspPostInit
                0x0000000008000900       0x98 ./Core/Src/stm32f1xx_hal_msp.o
                0x0000000008000900                HAL_TIM_MspPostInit
 .text.NMI_Handler
                0x0000000008000998        0x6 ./Core/Src/stm32f1xx_it.o
                0x0000000008000998                NMI_Handler
 .text.HardFault_Handler
                0x000000000800099e        0x6 ./Core/Src/stm32f1xx_it.o
                0x000000000800099e                HardFault_Handler
 .text.MemManage_Handler
                0x00000000080009a4        0x6 ./Core/Src/stm32f1xx_it.o
                0x00000000080009a4                MemManage_Handler
 .text.BusFault_Handler
                0x00000000080009aa        0x6 ./Core/Src/stm32f1xx_it.o
                0x00000000080009aa                BusFault_Handler
 .text.UsageFault_Handler
                0x00000000080009b0        0x6 ./Core/Src/stm32f1xx_it.o
                0x00000000080009b0                UsageFault_Handler
 .text.SVC_Handler
                0x00000000080009b6        0xc ./Core/Src/stm32f1xx_it.o
                0x00000000080009b6                SVC_Handler
 .text.DebugMon_Handler
                0x00000000080009c2        0xc ./Core/Src/stm32f1xx_it.o
                0x00000000080009c2                DebugMon_Handler
 .text.PendSV_Handler
                0x00000000080009ce        0xc ./Core/Src/stm32f1xx_it.o
                0x00000000080009ce                PendSV_Handler
 .text.SysTick_Handler
                0x00000000080009da        0xc ./Core/Src/stm32f1xx_it.o
                0x00000000080009da                SysTick_Handler
 *fill*         0x00000000080009e6        0x2 
 .text.TIM3_IRQHandler
                0x00000000080009e8       0x14 ./Core/Src/stm32f1xx_it.o
                0x00000000080009e8                TIM3_IRQHandler
 .text.SystemInit
                0x00000000080009fc        0xc ./Core/Src/system_stm32f1xx.o
                0x00000000080009fc                SystemInit
 .text.Reset_Handler
                0x0000000008000a08       0x48 ./Core/Startup/startup_stm32f103c8tx.o
                0x0000000008000a08                Reset_Handler
 .text.Default_Handler
                0x0000000008000a50        0x2 ./Core/Startup/startup_stm32f103c8tx.o
                0x0000000008000a50                RTC_Alarm_IRQHandler
                0x0000000008000a50                EXTI2_IRQHandler
                0x0000000008000a50                TIM1_CC_IRQHandler
                0x0000000008000a50                PVD_IRQHandler
                0x0000000008000a50                EXTI3_IRQHandler
                0x0000000008000a50                EXTI0_IRQHandler
                0x0000000008000a50                I2C2_EV_IRQHandler
                0x0000000008000a50                ADC1_2_IRQHandler
                0x0000000008000a50                SPI1_IRQHandler
                0x0000000008000a50                TAMPER_IRQHandler
                0x0000000008000a50                DMA1_Channel4_IRQHandler
                0x0000000008000a50                USART3_IRQHandler
                0x0000000008000a50                RTC_IRQHandler
                0x0000000008000a50                DMA1_Channel7_IRQHandler
                0x0000000008000a50                CAN1_RX1_IRQHandler
                0x0000000008000a50                TIM4_IRQHandler
                0x0000000008000a50                I2C1_EV_IRQHandler
                0x0000000008000a50                DMA1_Channel6_IRQHandler
                0x0000000008000a50                RCC_IRQHandler
                0x0000000008000a50                TIM1_TRG_COM_IRQHandler
                0x0000000008000a50                DMA1_Channel1_IRQHandler
                0x0000000008000a50                Default_Handler
                0x0000000008000a50                EXTI15_10_IRQHandler
                0x0000000008000a50                EXTI9_5_IRQHandler
                0x0000000008000a50                SPI2_IRQHandler
                0x0000000008000a50                DMA1_Channel5_IRQHandler
                0x0000000008000a50                EXTI4_IRQHandler
                0x0000000008000a50                USB_LP_CAN1_RX0_IRQHandler
                0x0000000008000a50                USB_HP_CAN1_TX_IRQHandler
                0x0000000008000a50                DMA1_Channel3_IRQHandler
                0x0000000008000a50                TIM1_UP_IRQHandler
                0x0000000008000a50                WWDG_IRQHandler
                0x0000000008000a50                TIM2_IRQHandler
                0x0000000008000a50                TIM1_BRK_IRQHandler
                0x0000000008000a50                EXTI1_IRQHandler
                0x0000000008000a50                USART2_IRQHandler
                0x0000000008000a50                I2C2_ER_IRQHandler
                0x0000000008000a50                DMA1_Channel2_IRQHandler
                0x0000000008000a50                CAN1_SCE_IRQHandler
                0x0000000008000a50                FLASH_IRQHandler
                0x0000000008000a50                USART1_IRQHandler
                0x0000000008000a50                I2C1_ER_IRQHandler
                0x0000000008000a50                USBWakeUp_IRQHandler
 *fill*         0x0000000008000a52        0x2 
 .text.HAL_Init
                0x0000000008000a54       0x2c ./Drivers/STM32F1xx_HAL_Driver/Src/stm32f1xx_hal.o
                0x0000000008000a54                HAL_Init
 .text.HAL_InitTick
                0x0000000008000a80       0x60 ./Drivers/STM32F1xx_HAL_Driver/Src/stm32f1xx_hal.o
                0x0000000008000a80                HAL_InitTick
 .text.HAL_IncTick
                0x0000000008000ae0       0x24 ./Drivers/STM32F1xx_HAL_Driver/Src/stm32f1xx_hal.o
                0x0000000008000ae0                HAL_IncTick
 .text.HAL_GetTick
                0x0000000008000b04       0x14 ./Drivers/STM32F1xx_HAL_Driver/Src/stm32f1xx_hal.o
                0x0000000008000b04                HAL_GetTick
 .text.HAL_Delay
                0x0000000008000b18       0x48 ./Drivers/STM32F1xx_HAL_Driver/Src/stm32f1xx_hal.o
                0x0000000008000b18                HAL_Delay
 .text.__NVIC_SetPriorityGrouping
                0x0000000008000b60       0x48 ./Drivers/STM32F1xx_HAL_Driver/Src/stm32f1xx_hal_cortex.o
 .text.__NVIC_GetPriorityGrouping
                0x0000000008000ba8       0x1c ./Drivers/STM32F1xx_HAL_Driver/Src/stm32f1xx_hal_cortex.o
 .text.__NVIC_EnableIRQ
                0x0000000008000bc4       0x38 ./Drivers/STM32F1xx_HAL_Driver/Src/stm32f1xx_hal_cortex.o
 .text.__NVIC_SetPriority
                0x0000000008000bfc       0x54 ./Drivers/STM32F1xx_HAL_Driver/Src/stm32f1xx_hal_cortex.o
 .text.NVIC_EncodePriority
                0x0000000008000c50       0x64 ./Drivers/STM32F1xx_HAL_Driver/Src/stm32f1xx_hal_cortex.o
 .text.SysTick_Config
                0x0000000008000cb4       0x44 ./Drivers/STM32F1xx_HAL_Driver/Src/stm32f1xx_hal_cortex.o
 .text.HAL_NVIC_SetPriorityGrouping
                0x0000000008000cf8       0x16 ./Drivers/STM32F1xx_HAL_Driver/Src/stm32f1xx_hal_cortex.o
                0x0000000008000cf8                HAL_NVIC_SetPriorityGrouping
 .text.HAL_NVIC_SetPriority
                0x0000000008000d0e       0x38 ./Drivers/STM32F1xx_HAL_Driver/Src/stm32f1xx_hal_cortex.o
                0x0000000008000d0e                HAL_NVIC_SetPriority
 .text.HAL_NVIC_EnableIRQ
                0x0000000008000d46       0x1c ./Drivers/STM32F1xx_HAL_Driver/Src/stm32f1xx_hal_cortex.o
                0x0000000008000d46                HAL_NVIC_EnableIRQ
 .text.HAL_SYSTICK_Config
                0x0000000008000d62       0x18 ./Drivers/STM32F1xx_HAL_Driver/Src/stm32f1xx_hal_cortex.o
                0x0000000008000d62                HAL_SYSTICK_Config
 *fill*         0x0000000008000d7a        0x2 
 .text.HAL_GPIO_Init
                0x0000000008000d7c      0x308 ./Drivers/STM32F1xx_HAL_Driver/Src/stm32f1xx_hal_gpio.o
                0x0000000008000d7c                HAL_GPIO_Init
 .text.HAL_GPIO_WritePin
                0x0000000008001084       0x30 ./Drivers/STM32F1xx_HAL_Driver/Src/stm32f1xx_hal_gpio.o
                0x0000000008001084                HAL_GPIO_WritePin
 .text.HAL_I2C_Init
                0x00000000080010b4      0x288 ./Drivers/STM32F1xx_HAL_Driver/Src/stm32f1xx_hal_i2c.o
                0x00000000080010b4                HAL_I2C_Init
 .text.HAL_I2C_Master_Transmit
                0x000000000800133c      0x1fc ./Drivers/STM32F1xx_HAL_Driver/Src/stm32f1xx_hal_i2c.o
                0x000000000800133c                HAL_I2C_Master_Transmit
 .text.I2C_MasterRequestWrite
                0x0000000008001538      0x104 ./Drivers/STM32F1xx_HAL_Driver/Src/stm32f1xx_hal_i2c.o
 .text.I2C_WaitOnFlagUntilTimeout
                0x000000000800163c       0xf4 ./Drivers/STM32F1xx_HAL_Driver/Src/stm32f1xx_hal_i2c.o
 .text.I2C_WaitOnMasterAddressFlagUntilTimeout
                0x0000000008001730      0x140 ./Drivers/STM32F1xx_HAL_Driver/Src/stm32f1xx_hal_i2c.o
 .text.I2C_WaitOnTXEFlagUntilTimeout
                0x0000000008001870       0x90 ./Drivers/STM32F1xx_HAL_Driver/Src/stm32f1xx_hal_i2c.o
 .text.I2C_WaitOnBTFFlagUntilTimeout
                0x0000000008001900       0x90 ./Drivers/STM32F1xx_HAL_Driver/Src/stm32f1xx_hal_i2c.o
 .text.I2C_IsAcknowledgeFailed
                0x0000000008001990       0x5c ./Drivers/STM32F1xx_HAL_Driver/Src/stm32f1xx_hal_i2c.o
 .text.HAL_RCC_OscConfig
                0x00000000080019ec      0x500 ./Drivers/STM32F1xx_HAL_Driver/Src/stm32f1xx_hal_rcc.o
                0x00000000080019ec                HAL_RCC_OscConfig
 .text.HAL_RCC_ClockConfig
                0x0000000008001eec      0x1d4 ./Drivers/STM32F1xx_HAL_Driver/Src/stm32f1xx_hal_rcc.o
                0x0000000008001eec                HAL_RCC_ClockConfig
 .text.HAL_RCC_GetSysClockFreq
                0x00000000080020c0       0xa8 ./Drivers/STM32F1xx_HAL_Driver/Src/stm32f1xx_hal_rcc.o
                0x00000000080020c0                HAL_RCC_GetSysClockFreq
 .text.HAL_RCC_GetHCLKFreq
                0x0000000008002168       0x14 ./Drivers/STM32F1xx_HAL_Driver/Src/stm32f1xx_hal_rcc.o
                0x0000000008002168                HAL_RCC_GetHCLKFreq
 .text.HAL_RCC_GetPCLK1Freq
                0x000000000800217c       0x28 ./Drivers/STM32F1xx_HAL_Driver/Src/stm32f1xx_hal_rcc.o
                0x000000000800217c                HAL_RCC_GetPCLK1Freq
 .text.RCC_Delay
                0x00000000080021a4       0x3c ./Drivers/STM32F1xx_HAL_Driver/Src/stm32f1xx_hal_rcc.o
 .text.HAL_TIM_Base_Init
                0x00000000080021e0       0x9e ./Drivers/STM32F1xx_HAL_Driver/Src/stm32f1xx_hal_tim.o
                0x00000000080021e0                HAL_TIM_Base_Init
 *fill*         0x000000000800227e        0x2 
 .text.HAL_TIM_Base_Start_IT
                0x0000000008002280       0xa4 ./Drivers/STM32F1xx_HAL_Driver/Src/stm32f1xx_hal_tim.o
                0x0000000008002280                HAL_TIM_Base_Start_IT
 .text.HAL_TIM_PWM_Init
                0x0000000008002324       0x9e ./Drivers/STM32F1xx_HAL_Driver/Src/stm32f1xx_hal_tim.o
                0x0000000008002324                HAL_TIM_PWM_Init
 .text.HAL_TIM_PWM_MspInit
                0x00000000080023c2       0x12 ./Drivers/STM32F1xx_HAL_Driver/Src/stm32f1xx_hal_tim.o
                0x00000000080023c2                HAL_TIM_PWM_MspInit
 .text.HAL_TIM_PWM_Start
                0x00000000080023d4      0x144 ./Drivers/STM32F1xx_HAL_Driver/Src/stm32f1xx_hal_tim.o
                0x00000000080023d4                HAL_TIM_PWM_Start
 .text.HAL_TIM_IRQHandler
                0x0000000008002518      0x1e0 ./Drivers/STM32F1xx_HAL_Driver/Src/stm32f1xx_hal_tim.o
                0x0000000008002518                HAL_TIM_IRQHandler
 .text.HAL_TIM_PWM_ConfigChannel
                0x00000000080026f8      0x184 ./Drivers/STM32F1xx_HAL_Driver/Src/stm32f1xx_hal_tim.o
                0x00000000080026f8                HAL_TIM_PWM_ConfigChannel
 .text.HAL_TIM_ConfigClockSource
                0x000000000800287c      0x18e ./Drivers/STM32F1xx_HAL_Driver/Src/stm32f1xx_hal_tim.o
                0x000000000800287c                HAL_TIM_ConfigClockSource
 .text.HAL_TIM_OC_DelayElapsedCallback
                0x0000000008002a0a       0x12 ./Drivers/STM32F1xx_HAL_Driver/Src/stm32f1xx_hal_tim.o
                0x0000000008002a0a                HAL_TIM_OC_DelayElapsedCallback
 .text.HAL_TIM_IC_CaptureCallback
                0x0000000008002a1c       0x12 ./Drivers/STM32F1xx_HAL_Driver/Src/stm32f1xx_hal_tim.o
                0x0000000008002a1c                HAL_TIM_IC_CaptureCallback
 .text.HAL_TIM_PWM_PulseFinishedCallback
                0x0000000008002a2e       0x12 ./Drivers/STM32F1xx_HAL_Driver/Src/stm32f1xx_hal_tim.o
                0x0000000008002a2e                HAL_TIM_PWM_PulseFinishedCallback
 .text.HAL_TIM_TriggerCallback
                0x0000000008002a40       0x12 ./Drivers/STM32F1xx_HAL_Driver/Src/stm32f1xx_hal_tim.o
                0x0000000008002a40                HAL_TIM_TriggerCallback
 *fill*         0x0000000008002a52        0x2 
 .text.TIM_Base_SetConfig
                0x0000000008002a54       0xdc ./Drivers/STM32F1xx_HAL_Driver/Src/stm32f1xx_hal_tim.o
                0x0000000008002a54                TIM_Base_SetConfig
 .text.TIM_OC1_SetConfig
                0x0000000008002b30       0xcc ./Drivers/STM32F1xx_HAL_Driver/Src/stm32f1xx_hal_tim.o
 .text.TIM_OC2_SetConfig
                0x0000000008002bfc       0xd4 ./Drivers/STM32F1xx_HAL_Driver/Src/stm32f1xx_hal_tim.o
                0x0000000008002bfc                TIM_OC2_SetConfig
 .text.TIM_OC3_SetConfig
                0x0000000008002cd0       0xd4 ./Drivers/STM32F1xx_HAL_Driver/Src/stm32f1xx_hal_tim.o
 .text.TIM_OC4_SetConfig
                0x0000000008002da4       0x9c ./Drivers/STM32F1xx_HAL_Driver/Src/stm32f1xx_hal_tim.o
 .text.TIM_TI1_ConfigInputStage
                0x0000000008002e40       0x5c ./Drivers/STM32F1xx_HAL_Driver/Src/stm32f1xx_hal_tim.o
 .text.TIM_TI2_ConfigInputStage
                0x0000000008002e9c       0x5e ./Drivers/STM32F1xx_HAL_Driver/Src/stm32f1xx_hal_tim.o
 .text.TIM_ITRx_SetConfig
                0x0000000008002efa       0x34 ./Drivers/STM32F1xx_HAL_Driver/Src/stm32f1xx_hal_tim.o
 .text.TIM_ETR_SetConfig
                0x0000000008002f2e       0x3e ./Drivers/STM32F1xx_HAL_Driver/Src/stm32f1xx_hal_tim.o
                0x0000000008002f2e                TIM_ETR_SetConfig
 .text.TIM_CCxChannelCmd
                0x0000000008002f6c       0x48 ./Drivers/STM32F1xx_HAL_Driver/Src/stm32f1xx_hal_tim.o
                0x0000000008002f6c                TIM_CCxChannelCmd
 .text.HAL_TIMEx_MasterConfigSynchronization
                0x0000000008002fb4       0xbc ./Drivers/STM32F1xx_HAL_Driver/Src/stm32f1xx_hal_tim_ex.o
                0x0000000008002fb4                HAL_TIMEx_MasterConfigSynchronization
 .text.HAL_TIMEx_CommutCallback
                0x0000000008003070       0x12 ./Drivers/STM32F1xx_HAL_Driver/Src/stm32f1xx_hal_tim_ex.o
                0x0000000008003070                HAL_TIMEx_CommutCallback
 .text.HAL_TIMEx_BreakCallback
                0x0000000008003082       0x12 ./Drivers/STM32F1xx_HAL_Driver/Src/stm32f1xx_hal_tim_ex.o
                0x0000000008003082                HAL_TIMEx_BreakCallback
 .text.__libc_init_array
                0x0000000008003094       0x48 d:/program files/stm32cubeide_1.7.0/stm32cubeide/plugins/com.st.stm32cube.ide.mcu.externaltools.gnu-tools-for-stm32.9-2020-q2-update.win32_2.0.0.202105311346/tools/bin/../lib/gcc/arm-none-eabi/9.3.1/../../../../arm-none-eabi/lib/thumb/v7-m/nofp\libc_nano.a(lib_a-init.o)
                0x0000000008003094                __libc_init_array
 .text.memset   0x00000000080030dc       0x10 d:/program files/stm32cubeide_1.7.0/stm32cubeide/plugins/com.st.stm32cube.ide.mcu.externaltools.gnu-tools-for-stm32.9-2020-q2-update.win32_2.0.0.202105311346/tools/bin/../lib/gcc/arm-none-eabi/9.3.1/../../../../arm-none-eabi/lib/thumb/v7-m/nofp\libc_nano.a(lib_a-memset.o)
                0x00000000080030dc                memset
 *(.glue_7)
 .glue_7        0x00000000080030ec        0x0 linker stubs
 *(.glue_7t)
 .glue_7t       0x00000000080030ec        0x0 linker stubs
 *(.eh_frame)
 .eh_frame      0x00000000080030ec        0x0 d:/program files/stm32cubeide_1.7.0/stm32cubeide/plugins/com.st.stm32cube.ide.mcu.externaltools.gnu-tools-for-stm32.9-2020-q2-update.win32_2.0.0.202105311346/tools/bin/../lib/gcc/arm-none-eabi/9.3.1/thumb/v7-m/nofp/crtbegin.o
 *(.init)
 .init          0x00000000080030ec        0x4 d:/program files/stm32cubeide_1.7.0/stm32cubeide/plugins/com.st.stm32cube.ide.mcu.externaltools.gnu-tools-for-stm32.9-2020-q2-update.win32_2.0.0.202105311346/tools/bin/../lib/gcc/arm-none-eabi/9.3.1/thumb/v7-m/nofp/crti.o
                0x00000000080030ec                _init
 .init          0x00000000080030f0        0x8 d:/program files/stm32cubeide_1.7.0/stm32cubeide/plugins/com.st.stm32cube.ide.mcu.externaltools.gnu-tools-for-stm32.9-2020-q2-update.win32_2.0.0.202105311346/tools/bin/../lib/gcc/arm-none-eabi/9.3.1/thumb/v7-m/nofp/crtn.o
 *(.fini)
 .fini          0x00000000080030f8        0x4 d:/program files/stm32cubeide_1.7.0/stm32cubeide/plugins/com.st.stm32cube.ide.mcu.externaltools.gnu-tools-for-stm32.9-2020-q2-update.win32_2.0.0.202105311346/tools/bin/../lib/gcc/arm-none-eabi/9.3.1/thumb/v7-m/nofp/crti.o
                0x00000000080030f8                _fini
 .fini          0x00000000080030fc        0x8 d:/program files/stm32cubeide_1.7.0/stm32cubeide/plugins/com.st.stm32cube.ide.mcu.externaltools.gnu-tools-for-stm32.9-2020-q2-update.win32_2.0.0.202105311346/tools/bin/../lib/gcc/arm-none-eabi/9.3.1/thumb/v7-m/nofp/crtn.o
                0x0000000008003104                . = ALIGN (0x4)
                0x0000000008003104                _etext = .

.vfp11_veneer   0x0000000008003104        0x0
 .vfp11_veneer  0x0000000008003104        0x0 linker stubs

.v4_bx          0x0000000008003104        0x0
 .v4_bx         0x0000000008003104        0x0 linker stubs

.iplt           0x0000000008003104        0x0
 .iplt          0x0000000008003104        0x0 d:/program files/stm32cubeide_1.7.0/stm32cubeide/plugins/com.st.stm32cube.ide.mcu.externaltools.gnu-tools-for-stm32.9-2020-q2-update.win32_2.0.0.202105311346/tools/bin/../lib/gcc/arm-none-eabi/9.3.1/thumb/v7-m/nofp/crtbegin.o

.rodata         0x0000000008003104       0x80
                0x0000000008003104                . = ALIGN (0x4)
 *(.rodata)
 .rodata        0x0000000008003104       0x4f ./Core/Src/fsm.o
 *(.rodata*)
 *fill*         0x0000000008003153        0x1 
 .rodata.MAX_DUTY
                0x0000000008003154        0x4 ./Core/Src/ledRGB.o
                0x0000000008003154                MAX_DUTY
 .rodata.AHBPrescTable
                0x0000000008003158       0x10 ./Core/Src/system_stm32f1xx.o
                0x0000000008003158                AHBPrescTable
 .rodata.APBPrescTable
                0x0000000008003168        0x8 ./Core/Src/system_stm32f1xx.o
                0x0000000008003168                APBPrescTable
 .rodata.aPLLMULFactorTable.6283
                0x0000000008003170       0x10 ./Drivers/STM32F1xx_HAL_Driver/Src/stm32f1xx_hal_rcc.o
 .rodata.aPredivFactorTable.6284
                0x0000000008003180        0x2 ./Drivers/STM32F1xx_HAL_Driver/Src/stm32f1xx_hal_rcc.o
                0x0000000008003184                . = ALIGN (0x4)
 *fill*         0x0000000008003182        0x2 

.rel.dyn        0x0000000008003184        0x0
 .rel.iplt      0x0000000008003184        0x0 d:/program files/stm32cubeide_1.7.0/stm32cubeide/plugins/com.st.stm32cube.ide.mcu.externaltools.gnu-tools-for-stm32.9-2020-q2-update.win32_2.0.0.202105311346/tools/bin/../lib/gcc/arm-none-eabi/9.3.1/thumb/v7-m/nofp/crtbegin.o

.ARM.extab      0x0000000008003184        0x0
                0x0000000008003184                . = ALIGN (0x4)
 *(.ARM.extab* .gnu.linkonce.armextab.*)
                0x0000000008003184                . = ALIGN (0x4)

.ARM            0x0000000008003184        0x0
                0x0000000008003184                . = ALIGN (0x4)
                0x0000000008003184                __exidx_start = .
 *(.ARM.exidx*)
                0x0000000008003184                __exidx_end = .
                0x0000000008003184                . = ALIGN (0x4)

.preinit_array  0x0000000008003184        0x0
                0x0000000008003184                . = ALIGN (0x4)
                0x0000000008003184                PROVIDE (__preinit_array_start = .)
 *(.preinit_array*)
                0x0000000008003184                PROVIDE (__preinit_array_end = .)
                0x0000000008003184                . = ALIGN (0x4)

.init_array     0x0000000008003184        0x4
                0x0000000008003184                . = ALIGN (0x4)
                0x0000000008003184                PROVIDE (__init_array_start = .)
 *(SORT_BY_NAME(.init_array.*))
 *(.init_array*)
 .init_array    0x0000000008003184        0x4 d:/program files/stm32cubeide_1.7.0/stm32cubeide/plugins/com.st.stm32cube.ide.mcu.externaltools.gnu-tools-for-stm32.9-2020-q2-update.win32_2.0.0.202105311346/tools/bin/../lib/gcc/arm-none-eabi/9.3.1/thumb/v7-m/nofp/crtbegin.o
                0x0000000008003188                PROVIDE (__init_array_end = .)
                0x0000000008003188                . = ALIGN (0x4)

.fini_array     0x0000000008003188        0x4
                0x0000000008003188                . = ALIGN (0x4)
                [!provide]                        PROVIDE (__fini_array_start = .)
 *(SORT_BY_NAME(.fini_array.*))
 *(.fini_array*)
 .fini_array    0x0000000008003188        0x4 d:/program files/stm32cubeide_1.7.0/stm32cubeide/plugins/com.st.stm32cube.ide.mcu.externaltools.gnu-tools-for-stm32.9-2020-q2-update.win32_2.0.0.202105311346/tools/bin/../lib/gcc/arm-none-eabi/9.3.1/thumb/v7-m/nofp/crtbegin.o
                [!provide]                        PROVIDE (__fini_array_end = .)
                0x000000000800318c                . = ALIGN (0x4)
                0x000000000800318c                _sidata = LOADADDR (.data)

.data           0x0000000020000000        0xc load address 0x000000000800318c
                0x0000000020000000                . = ALIGN (0x4)
                0x0000000020000000                _sdata = .
 *(.data)
 *(.data*)
 .data.SystemCoreClock
                0x0000000020000000        0x4 ./Core/Src/system_stm32f1xx.o
                0x0000000020000000                SystemCoreClock
 .data.uwTickPrio
                0x0000000020000004        0x4 ./Drivers/STM32F1xx_HAL_Driver/Src/stm32f1xx_hal.o
                0x0000000020000004                uwTickPrio
 .data.uwTickFreq
                0x0000000020000008        0x1 ./Drivers/STM32F1xx_HAL_Driver/Src/stm32f1xx_hal.o
                0x0000000020000008                uwTickFreq
 *(.RamFunc)
 *(.RamFunc*)
                0x000000002000000c                . = ALIGN (0x4)
 *fill*         0x0000000020000009        0x3 
                0x000000002000000c                _edata = .

.igot.plt       0x000000002000000c        0x0 load address 0x0000000008003198
 .igot.plt      0x000000002000000c        0x0 d:/program files/stm32cubeide_1.7.0/stm32cubeide/plugins/com.st.stm32cube.ide.mcu.externaltools.gnu-tools-for-stm32.9-2020-q2-update.win32_2.0.0.202105311346/tools/bin/../lib/gcc/arm-none-eabi/9.3.1/thumb/v7-m/nofp/crtbegin.o
                0x000000002000000c                . = ALIGN (0x4)

.bss            0x000000002000000c       0xc8 load address 0x0000000008003198
                0x000000002000000c                _sbss = .
                0x000000002000000c                __bss_start__ = _sbss
 *(.bss)
 .bss           0x000000002000000c       0x1c d:/program files/stm32cubeide_1.7.0/stm32cubeide/plugins/com.st.stm32cube.ide.mcu.externaltools.gnu-tools-for-stm32.9-2020-q2-update.win32_2.0.0.202105311346/tools/bin/../lib/gcc/arm-none-eabi/9.3.1/thumb/v7-m/nofp/crtbegin.o
 *(.bss*)
 .bss.status    0x0000000020000028        0x4 ./Core/Src/fsm.o
                0x0000000020000028                status
 .bss.fsm_flag  0x000000002000002c        0x4 ./Core/Src/softwareTimer.o
                0x000000002000002c                fsm_flag
 .bss.fsm_counter
                0x0000000020000030        0x4 ./Core/Src/softwareTimer.o
                0x0000000020000030                fsm_counter
 *(COMMON)
 COMMON         0x0000000020000034       0x9c ./Core/Src/main.o
                0x0000000020000034                hi2c1
                0x0000000020000088                htim3
 COMMON         0x00000000200000d0        0x4 ./Drivers/STM32F1xx_HAL_Driver/Src/stm32f1xx_hal.o
                0x00000000200000d0                uwTick
                0x00000000200000d4                . = ALIGN (0x4)
                0x00000000200000d4                _ebss = .
                0x00000000200000d4                __bss_end__ = _ebss

._user_heap_stack
                0x00000000200000d4      0x604 load address 0x0000000008003198
                0x00000000200000d8                . = ALIGN (0x8)
 *fill*         0x00000000200000d4        0x4 
                [!provide]                        PROVIDE (end = .)
                0x00000000200000d8                PROVIDE (_end = .)
                0x00000000200002d8                . = (. + _Min_Heap_Size)
 *fill*         0x00000000200000d8      0x200 
                0x00000000200006d8                . = (. + _Min_Stack_Size)
 *fill*         0x00000000200002d8      0x400 
                0x00000000200006d8                . = ALIGN (0x8)

/DISCARD/
 libc.a(*)
 libm.a(*)
 libgcc.a(*)

.ARM.attributes
                0x0000000000000000       0x29
 *(.ARM.attributes)
 .ARM.attributes
                0x0000000000000000       0x1d d:/program files/stm32cubeide_1.7.0/stm32cubeide/plugins/com.st.stm32cube.ide.mcu.externaltools.gnu-tools-for-stm32.9-2020-q2-update.win32_2.0.0.202105311346/tools/bin/../lib/gcc/arm-none-eabi/9.3.1/thumb/v7-m/nofp/crti.o
 .ARM.attributes
                0x000000000000001d       0x2d d:/program files/stm32cubeide_1.7.0/stm32cubeide/plugins/com.st.stm32cube.ide.mcu.externaltools.gnu-tools-for-stm32.9-2020-q2-update.win32_2.0.0.202105311346/tools/bin/../lib/gcc/arm-none-eabi/9.3.1/thumb/v7-m/nofp/crtbegin.o
 .ARM.attributes
                0x000000000000004a       0x2d ./Core/Src/fsm.o
 .ARM.attributes
                0x0000000000000077       0x2d ./Core/Src/i2c-lcd.o
 .ARM.attributes
                0x00000000000000a4       0x2d ./Core/Src/ledRGB.o
 .ARM.attributes
                0x00000000000000d1       0x2d ./Core/Src/main.o
 .ARM.attributes
                0x00000000000000fe       0x2d ./Core/Src/softwareTimer.o
 .ARM.attributes
                0x000000000000012b       0x2d ./Core/Src/stm32f1xx_hal_msp.o
 .ARM.attributes
                0x0000000000000158       0x2d ./Core/Src/stm32f1xx_it.o
 .ARM.attributes
                0x0000000000000185       0x2d ./Core/Src/system_stm32f1xx.o
 .ARM.attributes
                0x00000000000001b2       0x21 ./Core/Startup/startup_stm32f103c8tx.o
 .ARM.attributes
                0x00000000000001d3       0x2d ./Drivers/STM32F1xx_HAL_Driver/Src/stm32f1xx_hal.o
 .ARM.attributes
                0x0000000000000200       0x2d ./Drivers/STM32F1xx_HAL_Driver/Src/stm32f1xx_hal_cortex.o
 .ARM.attributes
                0x000000000000022d       0x2d ./Drivers/STM32F1xx_HAL_Driver/Src/stm32f1xx_hal_gpio.o
 .ARM.attributes
                0x000000000000025a       0x2d ./Drivers/STM32F1xx_HAL_Driver/Src/stm32f1xx_hal_i2c.o
 .ARM.attributes
                0x0000000000000287       0x2d ./Drivers/STM32F1xx_HAL_Driver/Src/stm32f1xx_hal_rcc.o
 .ARM.attributes
                0x00000000000002b4       0x2d ./Drivers/STM32F1xx_HAL_Driver/Src/stm32f1xx_hal_tim.o
 .ARM.attributes
                0x00000000000002e1       0x2d ./Drivers/STM32F1xx_HAL_Driver/Src/stm32f1xx_hal_tim_ex.o
 .ARM.attributes
                0x000000000000030e       0x2d d:/program files/stm32cubeide_1.7.0/stm32cubeide/plugins/com.st.stm32cube.ide.mcu.externaltools.gnu-tools-for-stm32.9-2020-q2-update.win32_2.0.0.202105311346/tools/bin/../lib/gcc/arm-none-eabi/9.3.1/../../../../arm-none-eabi/lib/thumb/v7-m/nofp\libc_nano.a(lib_a-init.o)
 .ARM.attributes
                0x000000000000033b       0x2d d:/program files/stm32cubeide_1.7.0/stm32cubeide/plugins/com.st.stm32cube.ide.mcu.externaltools.gnu-tools-for-stm32.9-2020-q2-update.win32_2.0.0.202105311346/tools/bin/../lib/gcc/arm-none-eabi/9.3.1/../../../../arm-none-eabi/lib/thumb/v7-m/nofp\libc_nano.a(lib_a-memset.o)
 .ARM.attributes
                0x0000000000000368       0x1d d:/program files/stm32cubeide_1.7.0/stm32cubeide/plugins/com.st.stm32cube.ide.mcu.externaltools.gnu-tools-for-stm32.9-2020-q2-update.win32_2.0.0.202105311346/tools/bin/../lib/gcc/arm-none-eabi/9.3.1/thumb/v7-m/nofp/crtn.o
OUTPUT(testBoard.elf elf32-littlearm)
LOAD linker stubs
LOAD d:/program files/stm32cubeide_1.7.0/stm32cubeide/plugins/com.st.stm32cube.ide.mcu.externaltools.gnu-tools-for-stm32.9-2020-q2-update.win32_2.0.0.202105311346/tools/bin/../lib/gcc/arm-none-eabi/9.3.1/../../../../arm-none-eabi/lib/thumb/v7-m/nofp\libc.a
LOAD d:/program files/stm32cubeide_1.7.0/stm32cubeide/plugins/com.st.stm32cube.ide.mcu.externaltools.gnu-tools-for-stm32.9-2020-q2-update.win32_2.0.0.202105311346/tools/bin/../lib/gcc/arm-none-eabi/9.3.1/../../../../arm-none-eabi/lib/thumb/v7-m/nofp\libm.a
LOAD d:/program files/stm32cubeide_1.7.0/stm32cubeide/plugins/com.st.stm32cube.ide.mcu.externaltools.gnu-tools-for-stm32.9-2020-q2-update.win32_2.0.0.202105311346/tools/bin/../lib/gcc/arm-none-eabi/9.3.1/thumb/v7-m/nofp\libgcc.a

.debug_info     0x0000000000000000     0xe66d
 .debug_info    0x0000000000000000     0x1006 ./Core/Src/fsm.o
 .debug_info    0x0000000000001006     0x10d4 ./Core/Src/i2c-lcd.o
 .debug_info    0x00000000000020da      0x764 ./Core/Src/ledRGB.o
 .debug_info    0x000000000000283e     0x17f9 ./Core/Src/main.o
 .debug_info    0x0000000000004037       0x91 ./Core/Src/softwareTimer.o
 .debug_info    0x00000000000040c8      0xeb6 ./Core/Src/stm32f1xx_hal_msp.o
 .debug_info    0x0000000000004f7e      0x7b9 ./Core/Src/stm32f1xx_it.o
 .debug_info    0x0000000000005737      0x2be ./Core/Src/system_stm32f1xx.o
 .debug_info    0x00000000000059f5       0x22 ./Core/Startup/startup_stm32f103c8tx.o
 .debug_info    0x0000000000005a17      0x76a ./Drivers/STM32F1xx_HAL_Driver/Src/stm32f1xx_hal.o
 .debug_info    0x0000000000006181      0xbdc ./Drivers/STM32F1xx_HAL_Driver/Src/stm32f1xx_hal_cortex.o
 .debug_info    0x0000000000006d5d      0x701 ./Drivers/STM32F1xx_HAL_Driver/Src/stm32f1xx_hal_gpio.o
 .debug_info    0x000000000000745e     0x27cb ./Drivers/STM32F1xx_HAL_Driver/Src/stm32f1xx_hal_i2c.o
 .debug_info    0x0000000000009c29      0x893 ./Drivers/STM32F1xx_HAL_Driver/Src/stm32f1xx_hal_rcc.o
 .debug_info    0x000000000000a4bc     0x2c32 ./Drivers/STM32F1xx_HAL_Driver/Src/stm32f1xx_hal_tim.o
 .debug_info    0x000000000000d0ee     0x157f ./Drivers/STM32F1xx_HAL_Driver/Src/stm32f1xx_hal_tim_ex.o

.debug_abbrev   0x0000000000000000     0x1e87
 .debug_abbrev  0x0000000000000000      0x1e6 ./Core/Src/fsm.o
 .debug_abbrev  0x00000000000001e6      0x22f ./Core/Src/i2c-lcd.o
 .debug_abbrev  0x0000000000000415      0x18d ./Core/Src/ledRGB.o
 .debug_abbrev  0x00000000000005a2      0x306 ./Core/Src/main.o
 .debug_abbrev  0x00000000000008a8       0x9a ./Core/Src/softwareTimer.o
 .debug_abbrev  0x0000000000000942      0x1c8 ./Core/Src/stm32f1xx_hal_msp.o
 .debug_abbrev  0x0000000000000b0a      0x176 ./Core/Src/stm32f1xx_it.o
 .debug_abbrev  0x0000000000000c80      0x14e ./Core/Src/system_stm32f1xx.o
 .debug_abbrev  0x0000000000000dce       0x12 ./Core/Startup/startup_stm32f103c8tx.o
 .debug_abbrev  0x0000000000000de0      0x1ed ./Drivers/STM32F1xx_HAL_Driver/Src/stm32f1xx_hal.o
 .debug_abbrev  0x0000000000000fcd      0x313 ./Drivers/STM32F1xx_HAL_Driver/Src/stm32f1xx_hal_cortex.o
 .debug_abbrev  0x00000000000012e0      0x1e8 ./Drivers/STM32F1xx_HAL_Driver/Src/stm32f1xx_hal_gpio.o
 .debug_abbrev  0x00000000000014c8      0x288 ./Drivers/STM32F1xx_HAL_Driver/Src/stm32f1xx_hal_i2c.o
 .debug_abbrev  0x0000000000001750      0x273 ./Drivers/STM32F1xx_HAL_Driver/Src/stm32f1xx_hal_rcc.o
 .debug_abbrev  0x00000000000019c3      0x25e ./Drivers/STM32F1xx_HAL_Driver/Src/stm32f1xx_hal_tim.o
 .debug_abbrev  0x0000000000001c21      0x266 ./Drivers/STM32F1xx_HAL_Driver/Src/stm32f1xx_hal_tim_ex.o

.debug_aranges  0x0000000000000000      0xcb0
 .debug_aranges
                0x0000000000000000       0x20 ./Core/Src/fsm.o
 .debug_aranges
                0x0000000000000020       0x50 ./Core/Src/i2c-lcd.o
 .debug_aranges
                0x0000000000000070       0x20 ./Core/Src/ledRGB.o
 .debug_aranges
                0x0000000000000090       0x50 ./Core/Src/main.o
 .debug_aranges
                0x00000000000000e0       0x28 ./Core/Src/softwareTimer.o
 .debug_aranges
                0x0000000000000108       0x48 ./Core/Src/stm32f1xx_hal_msp.o
 .debug_aranges
                0x0000000000000150       0x68 ./Core/Src/stm32f1xx_it.o
 .debug_aranges
                0x00000000000001b8       0x28 ./Core/Src/system_stm32f1xx.o
 .debug_aranges
                0x00000000000001e0       0x28 ./Core/Startup/startup_stm32f103c8tx.o
 .debug_aranges
                0x0000000000000208       0xe0 ./Drivers/STM32F1xx_HAL_Driver/Src/stm32f1xx_hal.o
 .debug_aranges
                0x00000000000002e8      0x100 ./Drivers/STM32F1xx_HAL_Driver/Src/stm32f1xx_hal_cortex.o
 .debug_aranges
                0x00000000000003e8       0x58 ./Drivers/STM32F1xx_HAL_Driver/Src/stm32f1xx_hal_gpio.o
 .debug_aranges
                0x0000000000000440      0x2a8 ./Drivers/STM32F1xx_HAL_Driver/Src/stm32f1xx_hal_i2c.o
 .debug_aranges
                0x00000000000006e8       0x90 ./Drivers/STM32F1xx_HAL_Driver/Src/stm32f1xx_hal_rcc.o
 .debug_aranges
                0x0000000000000778      0x3d0 ./Drivers/STM32F1xx_HAL_Driver/Src/stm32f1xx_hal_tim.o
 .debug_aranges
                0x0000000000000b48      0x168 ./Drivers/STM32F1xx_HAL_Driver/Src/stm32f1xx_hal_tim_ex.o

.debug_ranges   0x0000000000000000      0xbd0
 .debug_ranges  0x0000000000000000       0x10 ./Core/Src/fsm.o
 .debug_ranges  0x0000000000000010       0x40 ./Core/Src/i2c-lcd.o
 .debug_ranges  0x0000000000000050       0x10 ./Core/Src/ledRGB.o
 .debug_ranges  0x0000000000000060       0x40 ./Core/Src/main.o
 .debug_ranges  0x00000000000000a0       0x18 ./Core/Src/softwareTimer.o
 .debug_ranges  0x00000000000000b8       0x38 ./Core/Src/stm32f1xx_hal_msp.o
 .debug_ranges  0x00000000000000f0       0x58 ./Core/Src/stm32f1xx_it.o
 .debug_ranges  0x0000000000000148       0x18 ./Core/Src/system_stm32f1xx.o
 .debug_ranges  0x0000000000000160       0x20 ./Core/Startup/startup_stm32f103c8tx.o
 .debug_ranges  0x0000000000000180       0xd0 ./Drivers/STM32F1xx_HAL_Driver/Src/stm32f1xx_hal.o
 .debug_ranges  0x0000000000000250       0xf0 ./Drivers/STM32F1xx_HAL_Driver/Src/stm32f1xx_hal_cortex.o
 .debug_ranges  0x0000000000000340       0x48 ./Drivers/STM32F1xx_HAL_Driver/Src/stm32f1xx_hal_gpio.o
 .debug_ranges  0x0000000000000388      0x2b0 ./Drivers/STM32F1xx_HAL_Driver/Src/stm32f1xx_hal_i2c.o
 .debug_ranges  0x0000000000000638       0x80 ./Drivers/STM32F1xx_HAL_Driver/Src/stm32f1xx_hal_rcc.o
 .debug_ranges  0x00000000000006b8      0x3c0 ./Drivers/STM32F1xx_HAL_Driver/Src/stm32f1xx_hal_tim.o
 .debug_ranges  0x0000000000000a78      0x158 ./Drivers/STM32F1xx_HAL_Driver/Src/stm32f1xx_hal_tim_ex.o

.debug_macro    0x0000000000000000    0x174b3
 .debug_macro   0x0000000000000000      0x34a ./Core/Src/fsm.o
 .debug_macro   0x000000000000034a       0x22 ./Core/Src/fsm.o
 .debug_macro   0x000000000000036c      0x21b ./Core/Src/fsm.o
 .debug_macro   0x0000000000000587       0x2e ./Core/Src/fsm.o
 .debug_macro   0x00000000000005b5       0x22 ./Core/Src/fsm.o
 .debug_macro   0x00000000000005d7       0x22 ./Core/Src/fsm.o
 .debug_macro   0x00000000000005f9       0x8e ./Core/Src/fsm.o
 .debug_macro   0x0000000000000687       0x51 ./Core/Src/fsm.o
 .debug_macro   0x00000000000006d8      0x103 ./Core/Src/fsm.o
 .debug_macro   0x00000000000007db       0x6a ./Core/Src/fsm.o
 .debug_macro   0x0000000000000845      0x1df ./Core/Src/fsm.o
 .debug_macro   0x0000000000000a24       0x1c ./Core/Src/fsm.o
 .debug_macro   0x0000000000000a40       0x22 ./Core/Src/fsm.o
 .debug_macro   0x0000000000000a62       0xc3 ./Core/Src/fsm.o
 .debug_macro   0x0000000000000b25      0xd23 ./Core/Src/fsm.o
 .debug_macro   0x0000000000001848     0xe09e ./Core/Src/fsm.o
 .debug_macro   0x000000000000f8e6       0x6d ./Core/Src/fsm.o
 .debug_macro   0x000000000000f953     0x34a2 ./Core/Src/fsm.o
 .debug_macro   0x0000000000012df5      0x174 ./Core/Src/fsm.o
 .debug_macro   0x0000000000012f69       0x5c ./Core/Src/fsm.o
 .debug_macro   0x0000000000012fc5      0x5bc ./Core/Src/fsm.o
 .debug_macro   0x0000000000013581      0x289 ./Core/Src/fsm.o
 .debug_macro   0x000000000001380a      0x1cb ./Core/Src/fsm.o
 .debug_macro   0x00000000000139d5      0x114 ./Core/Src/fsm.o
 .debug_macro   0x0000000000013ae9      0x1b2 ./Core/Src/fsm.o
 .debug_macro   0x0000000000013c9b       0x27 ./Core/Src/fsm.o
 .debug_macro   0x0000000000013cc2      0x136 ./Core/Src/fsm.o
 .debug_macro   0x0000000000013df8      0x1bc ./Core/Src/fsm.o
 .debug_macro   0x0000000000013fb4       0x34 ./Core/Src/fsm.o
 .debug_macro   0x0000000000013fe8       0x3c ./Core/Src/fsm.o
 .debug_macro   0x0000000000014024       0x57 ./Core/Src/fsm.o
 .debug_macro   0x000000000001407b       0x87 ./Core/Src/fsm.o
 .debug_macro   0x0000000000014102      0x240 ./Core/Src/fsm.o
 .debug_macro   0x0000000000014342      0x287 ./Core/Src/fsm.o
 .debug_macro   0x00000000000145c9      0x140 ./Core/Src/fsm.o
 .debug_macro   0x0000000000014709      0x8ed ./Core/Src/fsm.o
 .debug_macro   0x0000000000014ff6       0x83 ./Core/Src/fsm.o
 .debug_macro   0x0000000000015079       0x52 ./Core/Src/fsm.o
 .debug_macro   0x00000000000150cb       0x18 ./Core/Src/fsm.o
 .debug_macro   0x00000000000150e3       0x3c ./Core/Src/fsm.o
 .debug_macro   0x000000000001511f       0x34 ./Core/Src/fsm.o
 .debug_macro   0x0000000000015153       0x16 ./Core/Src/fsm.o
 .debug_macro   0x0000000000015169       0x35 ./Core/Src/fsm.o
 .debug_macro   0x000000000001519e      0x333 ./Core/Src/fsm.o
 .debug_macro   0x00000000000154d1       0x10 ./Core/Src/fsm.o
 .debug_macro   0x00000000000154e1       0x16 ./Core/Src/fsm.o
 .debug_macro   0x00000000000154f7       0x43 ./Core/Src/fsm.o
 .debug_macro   0x000000000001553a       0x34 ./Core/Src/fsm.o
 .debug_macro   0x000000000001556e       0x10 ./Core/Src/fsm.o
 .debug_macro   0x000000000001557e       0x58 ./Core/Src/fsm.o
 .debug_macro   0x00000000000155d6       0x71 ./Core/Src/fsm.o
 .debug_macro   0x0000000000015647       0x1c ./Core/Src/fsm.o
 .debug_macro   0x0000000000015663      0x12a ./Core/Src/fsm.o
 .debug_macro   0x000000000001578d       0x10 ./Core/Src/fsm.o
 .debug_macro   0x000000000001579d       0x1c ./Core/Src/fsm.o
 .debug_macro   0x00000000000157b9       0x52 ./Core/Src/fsm.o
 .debug_macro   0x000000000001580b       0x22 ./Core/Src/fsm.o
 .debug_macro   0x000000000001582d       0x10 ./Core/Src/fsm.o
 .debug_macro   0x000000000001583d       0x40 ./Core/Src/fsm.o
 .debug_macro   0x000000000001587d       0xd5 ./Core/Src/fsm.o
 .debug_macro   0x0000000000015952       0x1c ./Core/Src/fsm.o
 .debug_macro   0x000000000001596e       0x3d ./Core/Src/fsm.o
 .debug_macro   0x00000000000159ab       0x16 ./Core/Src/fsm.o
 .debug_macro   0x00000000000159c1      0x145 ./Core/Src/fsm.o
 .debug_macro   0x0000000000015b06       0x10 ./Core/Src/fsm.o
 .debug_macro   0x0000000000015b16      0x312 ./Core/Src/i2c-lcd.o
 .debug_macro   0x0000000000015e28      0x1b7 ./Core/Src/ledRGB.o
 .debug_macro   0x0000000000015fdf      0x34e ./Core/Src/main.o
 .debug_macro   0x000000000001632d       0x1a ./Core/Src/softwareTimer.o
 .debug_macro   0x0000000000016347      0x1ad ./Core/Src/stm32f1xx_hal_msp.o
 .debug_macro   0x00000000000164f4      0x1b7 ./Core/Src/stm32f1xx_it.o
 .debug_macro   0x00000000000166ab      0x1a3 ./Core/Src/system_stm32f1xx.o
 .debug_macro   0x000000000001684e      0x1c7 ./Drivers/STM32F1xx_HAL_Driver/Src/stm32f1xx_hal.o
 .debug_macro   0x0000000000016a15      0x1a3 ./Drivers/STM32F1xx_HAL_Driver/Src/stm32f1xx_hal_cortex.o
 .debug_macro   0x0000000000016bb8      0x20e ./Drivers/STM32F1xx_HAL_Driver/Src/stm32f1xx_hal_gpio.o
 .debug_macro   0x0000000000016dc6      0x1f1 ./Drivers/STM32F1xx_HAL_Driver/Src/stm32f1xx_hal_i2c.o
 .debug_macro   0x0000000000016fb7      0x1b5 ./Drivers/STM32F1xx_HAL_Driver/Src/stm32f1xx_hal_rcc.o
 .debug_macro   0x000000000001716c      0x1a4 ./Drivers/STM32F1xx_HAL_Driver/Src/stm32f1xx_hal_tim.o
 .debug_macro   0x0000000000017310      0x1a3 ./Drivers/STM32F1xx_HAL_Driver/Src/stm32f1xx_hal_tim_ex.o

.debug_line     0x0000000000000000     0xee47
 .debug_line    0x0000000000000000      0x93b ./Core/Src/fsm.o
 .debug_line    0x000000000000093b      0x97e ./Core/Src/i2c-lcd.o
 .debug_line    0x00000000000012b9      0x6b6 ./Core/Src/ledRGB.o
 .debug_line    0x000000000000196f      0xa5b ./Core/Src/main.o
 .debug_line    0x00000000000023ca       0xa1 ./Core/Src/softwareTimer.o
 .debug_line    0x000000000000246b      0x766 ./Core/Src/stm32f1xx_hal_msp.o
 .debug_line    0x0000000000002bd1      0x782 ./Core/Src/stm32f1xx_it.o
 .debug_line    0x0000000000003353      0x726 ./Core/Src/system_stm32f1xx.o
 .debug_line    0x0000000000003a79       0x86 ./Core/Startup/startup_stm32f103c8tx.o
 .debug_line    0x0000000000003aff      0x953 ./Drivers/STM32F1xx_HAL_Driver/Src/stm32f1xx_hal.o
 .debug_line    0x0000000000004452      0xb3b ./Drivers/STM32F1xx_HAL_Driver/Src/stm32f1xx_hal_cortex.o
 .debug_line    0x0000000000004f8d      0x9ec ./Drivers/STM32F1xx_HAL_Driver/Src/stm32f1xx_hal_gpio.o
 .debug_line    0x0000000000005979     0x3ae9 ./Drivers/STM32F1xx_HAL_Driver/Src/stm32f1xx_hal_i2c.o
 .debug_line    0x0000000000009462      0xd5f ./Drivers/STM32F1xx_HAL_Driver/Src/stm32f1xx_hal_rcc.o
 .debug_line    0x000000000000a1c1     0x33ed ./Drivers/STM32F1xx_HAL_Driver/Src/stm32f1xx_hal_tim.o
 .debug_line    0x000000000000d5ae     0x1899 ./Drivers/STM32F1xx_HAL_Driver/Src/stm32f1xx_hal_tim_ex.o

.debug_str      0x0000000000000000    0x8aa62
 .debug_str     0x0000000000000000    0x87566 ./Core/Src/fsm.o
                                      0x879dc (size before relaxing)
 .debug_str     0x0000000000087566      0x32f ./Core/Src/i2c-lcd.o
                                      0x8799c (size before relaxing)
 .debug_str     0x0000000000087895       0x27 ./Core/Src/ledRGB.o
                                      0x8387a (size before relaxing)
 .debug_str     0x00000000000878bc      0x368 ./Core/Src/main.o
                                      0x87fd5 (size before relaxing)
 .debug_str     0x0000000000087c24       0x49 ./Core/Src/softwareTimer.o
                                       0x2de8 (size before relaxing)
 .debug_str     0x0000000000087c6d      0x32f ./Core/Src/stm32f1xx_hal_msp.o
                                      0x83ef6 (size before relaxing)
 .debug_str     0x0000000000087f9c       0xcd ./Core/Src/stm32f1xx_it.o
                                      0x83908 (size before relaxing)
 .debug_str     0x0000000000088069       0x52 ./Core/Src/system_stm32f1xx.o
                                      0x8340e (size before relaxing)
 .debug_str     0x00000000000880bb       0x36 ./Core/Startup/startup_stm32f103c8tx.o
                                         0x8b (size before relaxing)
 .debug_str     0x00000000000880f1      0x304 ./Drivers/STM32F1xx_HAL_Driver/Src/stm32f1xx_hal.o
                                      0x83a9f (size before relaxing)
 .debug_str     0x00000000000883f5      0x300 ./Drivers/STM32F1xx_HAL_Driver/Src/stm32f1xx_hal_cortex.o
                                      0x83aa7 (size before relaxing)
 .debug_str     0x00000000000886f5      0x324 ./Drivers/STM32F1xx_HAL_Driver/Src/stm32f1xx_hal_gpio.o
                                      0x837d2 (size before relaxing)
 .debug_str     0x0000000000088a19      0xb9a ./Drivers/STM32F1xx_HAL_Driver/Src/stm32f1xx_hal_i2c.o
                                      0x8449d (size before relaxing)
 .debug_str     0x00000000000895b3      0x244 ./Drivers/STM32F1xx_HAL_Driver/Src/stm32f1xx_hal_rcc.o
                                      0x8380b (size before relaxing)
 .debug_str     0x00000000000897f7      0xd7d ./Drivers/STM32F1xx_HAL_Driver/Src/stm32f1xx_hal_tim.o
                                      0x847f4 (size before relaxing)
 .debug_str     0x000000000008a574      0x4ee ./Drivers/STM32F1xx_HAL_Driver/Src/stm32f1xx_hal_tim_ex.o
                                      0x83f95 (size before relaxing)

.comment        0x0000000000000000       0x53
 .comment       0x0000000000000000       0x53 ./Core/Src/fsm.o
                                         0x54 (size before relaxing)
 .comment       0x0000000000000053       0x54 ./Core/Src/i2c-lcd.o
 .comment       0x0000000000000053       0x54 ./Core/Src/ledRGB.o
 .comment       0x0000000000000053       0x54 ./Core/Src/main.o
 .comment       0x0000000000000053       0x54 ./Core/Src/softwareTimer.o
 .comment       0x0000000000000053       0x54 ./Core/Src/stm32f1xx_hal_msp.o
 .comment       0x0000000000000053       0x54 ./Core/Src/stm32f1xx_it.o
 .comment       0x0000000000000053       0x54 ./Core/Src/system_stm32f1xx.o
 .comment       0x0000000000000053       0x54 ./Drivers/STM32F1xx_HAL_Driver/Src/stm32f1xx_hal.o
 .comment       0x0000000000000053       0x54 ./Drivers/STM32F1xx_HAL_Driver/Src/stm32f1xx_hal_cortex.o
 .comment       0x0000000000000053       0x54 ./Drivers/STM32F1xx_HAL_Driver/Src/stm32f1xx_hal_gpio.o
 .comment       0x0000000000000053       0x54 ./Drivers/STM32F1xx_HAL_Driver/Src/stm32f1xx_hal_i2c.o
 .comment       0x0000000000000053       0x54 ./Drivers/STM32F1xx_HAL_Driver/Src/stm32f1xx_hal_rcc.o
 .comment       0x0000000000000053       0x54 ./Drivers/STM32F1xx_HAL_Driver/Src/stm32f1xx_hal_tim.o
 .comment       0x0000000000000053       0x54 ./Drivers/STM32F1xx_HAL_Driver/Src/stm32f1xx_hal_tim_ex.o

.debug_frame    0x0000000000000000     0x348c
 .debug_frame   0x0000000000000000       0x2c ./Core/Src/fsm.o
 .debug_frame   0x000000000000002c       0xfc ./Core/Src/i2c-lcd.o
 .debug_frame   0x0000000000000128       0x38 ./Core/Src/ledRGB.o
 .debug_frame   0x0000000000000160       0xf0 ./Core/Src/main.o
 .debug_frame   0x0000000000000250       0x58 ./Core/Src/softwareTimer.o
 .debug_frame   0x00000000000002a8       0xec ./Core/Src/stm32f1xx_hal_msp.o
 .debug_frame   0x0000000000000394      0x120 ./Core/Src/stm32f1xx_it.o
 .debug_frame   0x00000000000004b4       0x58 ./Core/Src/system_stm32f1xx.o
 .debug_frame   0x000000000000050c      0x334 ./Drivers/STM32F1xx_HAL_Driver/Src/stm32f1xx_hal.o
 .debug_frame   0x0000000000000840      0x428 ./Drivers/STM32F1xx_HAL_Driver/Src/stm32f1xx_hal_cortex.o
 .debug_frame   0x0000000000000c68      0x14c ./Drivers/STM32F1xx_HAL_Driver/Src/stm32f1xx_hal_gpio.o
 .debug_frame   0x0000000000000db4      0xc84 ./Drivers/STM32F1xx_HAL_Driver/Src/stm32f1xx_hal_i2c.o
 .debug_frame   0x0000000000001a38      0x218 ./Drivers/STM32F1xx_HAL_Driver/Src/stm32f1xx_hal_rcc.o
 .debug_frame   0x0000000000001c50     0x11b8 ./Drivers/STM32F1xx_HAL_Driver/Src/stm32f1xx_hal_tim.o
 .debug_frame   0x0000000000002e08      0x638 ./Drivers/STM32F1xx_HAL_Driver/Src/stm32f1xx_hal_tim_ex.o
 .debug_frame   0x0000000000003440       0x2c d:/program files/stm32cubeide_1.7.0/stm32cubeide/plugins/com.st.stm32cube.ide.mcu.externaltools.gnu-tools-for-stm32.9-2020-q2-update.win32_2.0.0.202105311346/tools/bin/../lib/gcc/arm-none-eabi/9.3.1/../../../../arm-none-eabi/lib/thumb/v7-m/nofp\libc_nano.a(lib_a-init.o)
 .debug_frame   0x000000000000346c       0x20 d:/program files/stm32cubeide_1.7.0/stm32cubeide/plugins/com.st.stm32cube.ide.mcu.externaltools.gnu-tools-for-stm32.9-2020-q2-update.win32_2.0.0.202105311346/tools/bin/../lib/gcc/arm-none-eabi/9.3.1/../../../../arm-none-eabi/lib/thumb/v7-m/nofp\libc_nano.a(lib_a-memset.o)
